This file contains any messages produced by compilers while
running configure, to aid debugging if configure makes a mistake.

It was created by Xnee configure 3.20, which was
generated by GNU Autoconf 2.71.  Invocation command line was

  $ ./configure --disable-gui --disable-doc --disable-xinput2

## --------- ##
## Platform. ##
## --------- ##

hostname = runnervm0kj6c
uname -m = x86_64
uname -r = 6.14.0-1017-azure
uname -s = Linux
uname -v = #17~24.04.1-Ubuntu SMP Mon Dec  1 20:10:50 UTC 2025

/usr/bin/uname -p = x86_64
/bin/uname -X     = unknown

/bin/arch              = x86_64
/usr/bin/arch -k       = unknown
/usr/convex/getsysinfo = unknown
/usr/bin/hostinfo      = unknown
/bin/machine           = unknown
/usr/bin/oslevel       = unknown
/bin/universe          = unknown

PATH: /home/runner/work/_temp/ghcca-node/node/bin/
PATH: /snap/bin/
PATH: /home/runner/.local/bin/
PATH: /opt/pipx_bin/
PATH: /home/runner/.cargo/bin/
PATH: /home/runner/.config/composer/vendor/bin/
PATH: /usr/local/.ghcup/bin/
PATH: /home/runner/.dotnet/tools/
PATH: /usr/local/sbin/
PATH: /usr/local/bin/
PATH: /usr/sbin/
PATH: /usr/bin/
PATH: /sbin/
PATH: /bin/
PATH: /usr/games/
PATH: /usr/local/games/
PATH: /snap/bin/


## ----------- ##
## Core tests. ##
## ----------- ##

configure:2511: looking for aux files: config.guess config.sub ltmain.sh compile missing install-sh
configure:2524:  trying ././autotools/
configure:2553:   ././autotools/config.guess found
configure:2553:   ././autotools/config.sub found
configure:2553:   ././autotools/ltmain.sh found
configure:2553:   ././autotools/compile found
configure:2553:   ././autotools/missing found
configure:2535:   ././autotools/install-sh found
configure:2683: checking for a BSD-compatible install
configure:2756: result: /usr/bin/install -c
configure:2767: checking whether build environment is sane
configure:2822: result: yes
configure:2981: checking for a race-free mkdir -p
configure:3025: result: /usr/bin/mkdir -p
configure:3032: checking for gawk
configure:3053: found /usr/bin/gawk
configure:3064: result: gawk
configure:3075: checking whether make sets $(MAKE)
configure:3098: result: yes
configure:3128: checking whether make supports nested variables
configure:3146: result: yes
configure:3348: checking for gcc
configure:3369: found /usr/bin/gcc
configure:3380: result: gcc
configure:3733: checking for C compiler version
configure:3742: gcc --version >&5
gcc (Ubuntu 13.3.0-6ubuntu2~24.04.1) 13.3.0
Copyright (C) 2023 Free Software Foundation, Inc.
This is free software; see the source for copying conditions.  There is NO
warranty; not even for MERCHANTABILITY or FITNESS FOR A PARTICULAR PURPOSE.

configure:3753: $? = 0
configure:3742: gcc -v >&5
Using built-in specs.
COLLECT_GCC=gcc
COLLECT_LTO_WRAPPER=/usr/libexec/gcc/x86_64-linux-gnu/13/lto-wrapper
OFFLOAD_TARGET_NAMES=nvptx-none:amdgcn-amdhsa
OFFLOAD_TARGET_DEFAULT=1
Target: x86_64-linux-gnu
Configured with: ../src/configure -v --with-pkgversion='Ubuntu 13.3.0-6ubuntu2~24.04.1' --with-bugurl=file:///usr/share/doc/gcc-13/README.Bugs --enable-languages=c,ada,c++,go,d,fortran,objc,obj-c++,m2 --prefix=/usr --with-gcc-major-version-only --program-suffix=-13 --program-prefix=x86_64-linux-gnu- --enable-shared --enable-linker-build-id --libexecdir=/usr/libexec --without-included-gettext --enable-threads=posix --libdir=/usr/lib --enable-nls --enable-bootstrap --enable-clocale=gnu --enable-libstdcxx-debug --enable-libstdcxx-time=yes --with-default-libstdcxx-abi=new --enable-libstdcxx-backtrace --enable-gnu-unique-object --disable-vtable-verify --enable-plugin --enable-default-pie --with-system-zlib --enable-libphobos-checking=release --with-target-system-zlib=auto --enable-objc-gc=auto --enable-multiarch --disable-werror --enable-cet --with-arch-32=i686 --with-abi=m64 --with-multilib-list=m32,m64,mx32 --enable-multilib --with-tune=generic --enable-offload-targets=nvptx-none=/build/gcc-13-EldibY/gcc-13-13.3.0/debian/tmp-nvptx/usr,amdgcn-amdhsa=/build/gcc-13-EldibY/gcc-13-13.3.0/debian/tmp-gcn/usr --enable-offload-defaulted --without-cuda-driver --enable-checking=release --build=x86_64-linux-gnu --host=x86_64-linux-gnu --target=x86_64-linux-gnu --with-build-config=bootstrap-lto-lean --enable-link-serialization=2
Thread model: posix
Supported LTO compression algorithms: zlib zstd
gcc version 13.3.0 (Ubuntu 13.3.0-6ubuntu2~24.04.1) 
... rest of stderr output deleted ...
configure:3753: $? = 0
configure:3742: gcc -V >&5
gcc: error: unrecognized command-line option '-V'
gcc: fatal error: no input files
compilation terminated.
configure:3753: $? = 1
configure:3742: gcc -qversion >&5
gcc: error: unrecognized command-line option '-qversion'; did you mean '--version'?
gcc: fatal error: no input files
compilation terminated.
configure:3753: $? = 1
configure:3742: gcc -version >&5
gcc: error: unrecognized command-line option '-version'
gcc: fatal error: no input files
compilation terminated.
configure:3753: $? = 1
configure:3773: checking whether the C compiler works
configure:3795: gcc    conftest.c  >&5
configure:3799: $? = 0
configure:3849: result: yes
configure:3852: checking for C compiler default output file name
configure:3854: result: a.out
configure:3860: checking for suffix of executables
configure:3867: gcc -o conftest    conftest.c  >&5
configure:3871: $? = 0
configure:3894: result: 
configure:3916: checking whether we are cross compiling
configure:3924: gcc -o conftest    conftest.c  >&5
configure:3928: $? = 0
configure:3935: ./conftest
configure:3939: $? = 0
configure:3954: result: no
configure:3959: checking for suffix of object files
configure:3982: gcc -c   conftest.c >&5
configure:3986: $? = 0
configure:4008: result: o
configure:4012: checking whether the compiler supports GNU C
configure:4032: gcc -c   conftest.c >&5
configure:4032: $? = 0
configure:4042: result: yes
configure:4053: checking whether gcc accepts -g
configure:4074: gcc -c -g  conftest.c >&5
configure:4074: $? = 0
configure:4118: result: yes
configure:4138: checking for gcc option to enable C11 features
configure:4153: gcc  -c -g -O2  conftest.c >&5
configure:4153: $? = 0
configure:4171: result: none needed
configure:4287: checking whether gcc understands -c and -o together
configure:4310: gcc -c conftest.c -o conftest2.o
configure:4313: $? = 0
configure:4310: gcc -c conftest.c -o conftest2.o
configure:4313: $? = 0
configure:4325: result: yes
configure:4345: checking whether make supports the include directive
configure:4360: make -f confmf.GNU && cat confinc.out
this is the am__doit target
configure:4363: $? = 0
configure:4382: result: yes (GNU style)
configure:4408: checking dependency style of gcc
configure:4520: result: gcc3
configure:4541: checking whether make sets $(MAKE)
configure:4564: result: yes
configure:4580: checking how to run the C preprocessor
configure:4606: gcc -E  conftest.c
configure:4606: $? = 0
configure:4621: gcc -E  conftest.c
conftest.c:11:10: fatal error: ac_nonexistent.h: No such file or directory
   11 | #include <ac_nonexistent.h>
      |          ^~~~~~~~~~~~~~~~~~
compilation terminated.
configure:4621: $? = 1
configure: failed program was:
| /* confdefs.h */
| #define PACKAGE_NAME "Xnee"
| #define PACKAGE_TARNAME "xnee"
| #define PACKAGE_VERSION "3.20"
| #define PACKAGE_STRING "Xnee 3.20"
| #define PACKAGE_BUGREPORT "bug-xnee@gnu.org"
| #define PACKAGE_URL ""
| #define PACKAGE "xnee"
| #define VERSION "3.20"
| /* end confdefs.h.  */
| #include <ac_nonexistent.h>
configure:4648: result: gcc -E
configure:4662: gcc -E  conftest.c
configure:4662: $? = 0
configure:4677: gcc -E  conftest.c
conftest.c:11:10: fatal error: ac_nonexistent.h: No such file or directory
   11 | #include <ac_nonexistent.h>
      |          ^~~~~~~~~~~~~~~~~~
compilation terminated.
configure:4677: $? = 1
configure: failed program was:
| /* confdefs.h */
| #define PACKAGE_NAME "Xnee"
| #define PACKAGE_TARNAME "xnee"
| #define PACKAGE_VERSION "3.20"
| #define PACKAGE_STRING "Xnee 3.20"
| #define PACKAGE_BUGREPORT "bug-xnee@gnu.org"
| #define PACKAGE_URL ""
| #define PACKAGE "xnee"
| #define VERSION "3.20"
| /* end confdefs.h.  */
| #include <ac_nonexistent.h>
configure:4708: checking for X
configure:4746: gcc -o conftest -g -O2   conftest.c -lX11  >&5
configure:4746: $? = 0
configure:4933: result: libraries , headers 
configure:5031: gcc -o conftest -g -O2   conftest.c   -lX11 >&5
configure:5031: $? = 0
configure:5130: checking for gethostbyname
configure:5130: gcc -o conftest -g -O2   conftest.c  >&5
configure:5130: $? = 0
configure:5130: result: yes
configure:5228: checking for connect
configure:5228: gcc -o conftest -g -O2   conftest.c  >&5
configure:5228: $? = 0
configure:5228: result: yes
configure:5278: checking for remove
configure:5278: gcc -o conftest -g -O2   conftest.c  >&5
configure:5278: $? = 0
configure:5278: result: yes
configure:5328: checking for shmat
configure:5328: gcc -o conftest -g -O2   conftest.c  >&5
configure:5328: $? = 0
configure:5328: result: yes
configure:5387: checking for IceConnectionNumber in -lICE
configure:5410: gcc -o conftest -g -O2   conftest.c -lICE   >&5
/usr/bin/ld: cannot find -lICE: No such file or directory
collect2: error: ld returned 1 exit status
configure:5410: $? = 1
configure: failed program was:
| /* confdefs.h */
| #define PACKAGE_NAME "Xnee"
| #define PACKAGE_TARNAME "xnee"
| #define PACKAGE_VERSION "3.20"
| #define PACKAGE_STRING "Xnee 3.20"
| #define PACKAGE_BUGREPORT "bug-xnee@gnu.org"
| #define PACKAGE_URL ""
| #define PACKAGE "xnee"
| #define VERSION "3.20"
| /* end confdefs.h.  */
| 
| /* Override any GCC internal prototype to avoid an error.
|    Use char because int might match the return type of a GCC
|    builtin and then its argument prototype would still apply.  */
| char IceConnectionNumber ();
| int
| main (void)
| {
| return IceConnectionNumber ();
|   ;
|   return 0;
| }
configure:5420: result: no
configure:5435: checking for vprintf
configure:5435: gcc -o conftest -g -O2   conftest.c  >&5
conftest.c:27:6: warning: conflicting types for built-in function 'vprintf'; expected 'int(const char *, __va_list_tag *)' [-Wbuiltin-declaration-mismatch]
   27 | char vprintf ();
      |      ^~~~~~~
conftest.c:19:1: note: 'vprintf' is declared in header '<stdio.h>'
   18 | #include <limits.h>
   19 | #undef vprintf
configure:5435: $? = 0
configure:5435: result: yes
configure:5460: checking for stdio.h
configure:5460: gcc -c -g -O2  conftest.c >&5
configure:5460: $? = 0
configure:5460: result: yes
configure:5460: checking for stdlib.h
configure:5460: gcc -c -g -O2  conftest.c >&5
configure:5460: $? = 0
configure:5460: result: yes
configure:5460: checking for string.h
configure:5460: gcc -c -g -O2  conftest.c >&5
configure:5460: $? = 0
configure:5460: result: yes
configure:5460: checking for inttypes.h
configure:5460: gcc -c -g -O2  conftest.c >&5
configure:5460: $? = 0
configure:5460: result: yes
configure:5460: checking for stdint.h
configure:5460: gcc -c -g -O2  conftest.c >&5
configure:5460: $? = 0
configure:5460: result: yes
configure:5460: checking for strings.h
configure:5460: gcc -c -g -O2  conftest.c >&5
configure:5460: $? = 0
configure:5460: result: yes
configure:5460: checking for sys/stat.h
configure:5460: gcc -c -g -O2  conftest.c >&5
configure:5460: $? = 0
configure:5460: result: yes
configure:5460: checking for sys/types.h
configure:5460: gcc -c -g -O2  conftest.c >&5
configure:5460: $? = 0
configure:5460: result: yes
configure:5460: checking for unistd.h
configure:5460: gcc -c -g -O2  conftest.c >&5
configure:5460: $? = 0
configure:5460: result: yes
configure:5488: checking for stdarg.h
configure:5488: gcc -c -g -O2  conftest.c >&5
configure:5488: $? = 0
configure:5488: result: yes
configure:5501: checking for awk
configure:5524: found /usr/bin/awk
configure:5536: result: /usr/bin/awk
configure:5546: checking for bash
configure:5582: result: /bin/bash
configure:5592: checking for pkg-config
configure:5615: found /usr/bin/pkg-config
configure:5627: result: /usr/bin/pkg-config
configure:5637: checking for convert
configure:5675: result: no
configure:5682: checking for makeinfo
configure:5705: found /usr/bin/makeinfo
configure:5717: result: /usr/bin/makeinfo
configure:5727: checking for gtk-config
configure:5765: result: no
configure:5804: checking build system type
configure:5819: result: x86_64-pc-linux-gnu
configure:5839: checking host system type
configure:5853: result: x86_64-pc-linux-gnu
configure:5894: checking how to print strings
configure:5921: result: printf
configure:5942: checking for a sed that does not truncate output
configure:6012: result: /usr/bin/sed
configure:6030: checking for grep that handles long lines and -e
configure:6094: result: /usr/bin/grep
configure:6099: checking for egrep
configure:6167: result: /usr/bin/grep -E
configure:6172: checking for fgrep
configure:6240: result: /usr/bin/grep -F
configure:6276: checking for ld used by gcc
configure:6344: result: /usr/bin/ld
configure:6351: checking if the linker (/usr/bin/ld) is GNU ld
configure:6367: result: yes
configure:6379: checking for BSD- or MS-compatible name lister (nm)
configure:6434: result: /usr/bin/nm -B
configure:6574: checking the name lister (/usr/bin/nm -B) interface
configure:6582: gcc -c -g -O2  conftest.c >&5
configure:6585: /usr/bin/nm -B "conftest.o"
configure:6588: output
0000000000000000 B some_variable
configure:6595: result: BSD nm
configure:6598: checking whether ln -s works
configure:6602: result: yes
configure:6610: checking the maximum length of command line arguments
configure:6742: result: 3145728
configure:6790: checking how to convert x86_64-pc-linux-gnu file names to x86_64-pc-linux-gnu format
configure:6831: result: func_convert_file_noop
configure:6838: checking how to convert x86_64-pc-linux-gnu file names to toolchain format
configure:6859: result: func_convert_file_noop
configure:6866: checking for /usr/bin/ld option to reload object files
configure:6874: result: -r
configure:6953: checking for file
configure:6974: found /usr/bin/file
configure:6985: result: file
configure:7061: checking for objdump
configure:7082: found /usr/bin/objdump
configure:7093: result: objdump
configure:7125: checking how to recognize dependent libraries
configure:7326: result: pass_all
configure:7416: checking for dlltool
configure:7451: result: no
configure:7481: checking how to associate runtime and link libraries
configure:7509: result: printf %s\n
configure:7574: checking for ar
configure:7595: found /usr/bin/ar
configure:7606: result: ar
configure:7659: checking for archiver @FILE support
configure:7677: gcc -c -g -O2  conftest.c >&5
configure:7677: $? = 0
configure:7681: ar cr libconftest.a @conftest.lst >&5
configure:7684: $? = 0
configure:7689: ar cr libconftest.a @conftest.lst >&5
ar: conftest.o: No such file or directory
configure:7692: $? = 1
configure:7704: result: @
configure:7767: checking for strip
configure:7788: found /usr/bin/strip
configure:7799: result: strip
configure:7876: checking for ranlib
configure:7897: found /usr/bin/ranlib
configure:7908: result: ranlib
configure:8010: checking command to parse /usr/bin/nm -B output from gcc object
configure:8164: gcc -c -g -O2  conftest.c >&5
configure:8167: $? = 0
configure:8171: /usr/bin/nm -B conftest.o | /usr/bin/sed -n -e 's/^.*[	 ]\([ABCDGIRSTW][ABCDGIRSTW]*\)[	 ][	 ]*\([_A-Za-z][_A-Za-z0-9]*\)$/\1 \2 \2/p' | /usr/bin/sed '/ __gnu_lto/d' > conftest.nm
configure:8237: gcc -o conftest -g -O2   conftest.c conftstm.o >&5
configure:8240: $? = 0
configure:8278: result: ok
configure:8325: checking for sysroot
configure:8356: result: no
configure:8363: checking for a working dd
configure:8407: result: /usr/bin/dd
configure:8411: checking how to truncate binary pipes
configure:8427: result: /usr/bin/dd bs=4096 count=1
configure:8564: gcc -c -g -O2  conftest.c >&5
configure:8567: $? = 0
configure:8764: checking for mt
configure:8785: found /usr/bin/mt
configure:8796: result: mt
configure:8819: checking if mt is a manifest tool
configure:8826: mt '-?'
configure:8834: result: no
configure:9555: checking for dlfcn.h
configure:9555: gcc -c -g -O2  conftest.c >&5
configure:9555: $? = 0
configure:9555: result: yes
configure:9814: checking for objdir
configure:9830: result: .libs
configure:10090: checking if gcc supports -fno-rtti -fno-exceptions
configure:10109: gcc -c -g -O2  -fno-rtti -fno-exceptions conftest.c >&5
cc1: warning: command-line option '-fno-rtti' is valid for C++/D/ObjC++ but not for C
configure:10113: $? = 0
configure:10126: result: no
configure:10490: checking for gcc option to produce PIC
configure:10498: result: -fPIC -DPIC
configure:10506: checking if gcc PIC flag -fPIC -DPIC works
configure:10525: gcc -c -g -O2  -fPIC -DPIC -DPIC conftest.c >&5
configure:10529: $? = 0
configure:10542: result: yes
configure:10571: checking if gcc static flag -static works
configure:10600: result: yes
configure:10615: checking if gcc supports -c -o file.o
configure:10637: gcc -c -g -O2  -o out/conftest2.o conftest.c >&5
configure:10641: $? = 0
configure:10663: result: yes
configure:10671: checking if gcc supports -c -o file.o
configure:10719: result: yes
configure:10752: checking whether the gcc linker (/usr/bin/ld -m elf_x86_64) supports shared libraries
configure:12026: result: yes
configure:12063: checking whether -lc should be explicitly linked in
configure:12072: gcc -c -g -O2  conftest.c >&5
configure:12075: $? = 0
configure:12090: gcc -shared  -fPIC -DPIC conftest.o  -v -Wl,-soname -Wl,conftest -o conftest 2\>\&1 \| /usr/bin/grep  -lc  \>/dev/null 2\>\&1
configure:12093: $? = 0
configure:12107: result: no
configure:12267: checking dynamic linker characteristics
configure:12849: gcc -o conftest -g -O2   -Wl,-rpath -Wl,/foo conftest.c  >&5
configure:12849: $? = 0
configure:13100: result: GNU/Linux ld.so
configure:13222: checking how to hardcode library paths into programs
configure:13247: result: immediate
configure:13799: checking whether stripping libraries is possible
configure:13808: result: yes
configure:13850: checking if libtool supports shared libraries
configure:13852: result: yes
configure:13855: checking whether to build shared libraries
configure:13880: result: yes
configure:13883: checking whether to build static libraries
configure:13887: result: yes
configure:13929: checking for dlopen in -lc
configure:13952: gcc -o conftest -g -O2   conftest.c -lc    >&5
configure:13952: $? = 0
configure:13962: result: yes
configure:14010: checking for sem_init in -lc
configure:14033: gcc -o conftest -g -O2   conftest.c -lc    >&5
configure:14033: $? = 0
configure:14043: result: yes
configure:14091: checking for XTestFakeMotionEvent in -lXtst
configure:14114: gcc -o conftest -g -O2   conftest.c -lXtst    >&5
configure:14114: $? = 0
configure:14124: result: yes
configure:14678: checking whether to enable maintainer-specific portions of Makefiles
configure:14688: result: no
configure:18128: checking that generated files are newer than configure
configure:18134: result: done
configure:18229: creating ./config.status

## ---------------------- ##
## Running config.status. ##
## ---------------------- ##

This file was extended by Xnee config.status 3.20, which was
generated by GNU Autoconf 2.71.  Invocation command line was

  CONFIG_FILES    = 
  CONFIG_HEADERS  = 
  CONFIG_LINKS    = 
  CONFIG_COMMANDS = 
  $ ./config.status 

on runnervm0kj6c

config.status:1174: creating Makefile
config.status:1174: creating libxnee/Makefile
config.status:1174: creating libxnee/src/Makefile
config.status:1174: creating examples/Makefile
config.status:1174: creating libxnee/test/Makefile
config.status:1174: creating sessions/Makefile
config.status:1174: creating share/Makefile
config.status:1174: creating doc/Makefile
config.status:1174: creating cnee/Makefile
config.status:1174: creating cnee/src/Makefile
config.status:1174: creating gnee/Makefile
config.status:1174: creating gnee/src/Makefile
config.status:1174: creating gnee/man/Makefile
config.status:1174: creating pnee/Makefile
config.status:1174: creating pnee/src/Makefile
config.status:1174: creating pnee/pics/Makefile
config.status:1174: creating pnee/man/Makefile
config.status:1174: creating pnee/data/Makefile
config.status:1174: creating pixmap/Makefile
config.status:1174: creating man/Makefile
config.status:1174: creating config.h
config.status:1403: executing depfiles commands
config.status:1480: cd libxnee/src       && sed -e '/# am--include-marker/d' Makefile         | make -f - am--depfiles
config.status:1485: $? = 0
config.status:1480: cd libxnee/test       && sed -e '/# am--include-marker/d' Makefile         | make -f - am--depfiles
config.status:1485: $? = 0
config.status:1480: cd cnee/src       && sed -e '/# am--include-marker/d' Makefile         | make -f - am--depfiles
config.status:1485: $? = 0
config.status:1480: cd gnee/src       && sed -e '/# am--include-marker/d' Makefile         | make -f - am--depfiles
config.status:1485: $? = 0
config.status:1480: cd pnee/src       && sed -e '/# am--include-marker/d' Makefile         | make -f - am--depfiles
config.status:1485: $? = 0
config.status:1403: executing libtool commands

## ---------------- ##
## Cache variables. ##
## ---------------- ##

ac_cv_build=x86_64-pc-linux-gnu
ac_cv_c_compiler_gnu=yes
ac_cv_env_CC_set=
ac_cv_env_CC_value=
ac_cv_env_CFLAGS_set=
ac_cv_env_CFLAGS_value=
ac_cv_env_CPPFLAGS_set=
ac_cv_env_CPPFLAGS_value=
ac_cv_env_CPP_set=
ac_cv_env_CPP_value=
ac_cv_env_LDFLAGS_set=
ac_cv_env_LDFLAGS_value=
ac_cv_env_LIBS_set=
ac_cv_env_LIBS_value=
ac_cv_env_LT_SYS_LIBRARY_PATH_set=
ac_cv_env_LT_SYS_LIBRARY_PATH_value=
ac_cv_env_XMKMF_set=
ac_cv_env_XMKMF_value=
ac_cv_env_build_alias_set=
ac_cv_env_build_alias_value=
ac_cv_env_host_alias_set=
ac_cv_env_host_alias_value=
ac_cv_env_target_alias_set=
ac_cv_env_target_alias_value=
ac_cv_func_connect=yes
ac_cv_func_gethostbyname=yes
ac_cv_func_remove=yes
ac_cv_func_shmat=yes
ac_cv_func_vprintf=yes
ac_cv_have_x='have_x=yes	ac_x_includes='\'''\''	ac_x_libraries='\'''\'''
ac_cv_header_dlfcn_h=yes
ac_cv_header_inttypes_h=yes
ac_cv_header_stdarg_h=yes
ac_cv_header_stdint_h=yes
ac_cv_header_stdio_h=yes
ac_cv_header_stdlib_h=yes
ac_cv_header_string_h=yes
ac_cv_header_strings_h=yes
ac_cv_header_sys_stat_h=yes
ac_cv_header_sys_types_h=yes
ac_cv_header_unistd_h=yes
ac_cv_host=x86_64-pc-linux-gnu
ac_cv_lib_ICE_IceConnectionNumber=no
ac_cv_lib_Xtst_XTestFakeMotionEvent=yes
ac_cv_lib_c_dlopen=yes
ac_cv_lib_c_sem_init=yes
ac_cv_objext=o
ac_cv_path_AWK=/usr/bin/awk
ac_cv_path_BASH=/bin/bash
ac_cv_path_EGREP='/usr/bin/grep -E'
ac_cv_path_FGREP='/usr/bin/grep -F'
ac_cv_path_GREP=/usr/bin/grep
ac_cv_path_MAKEINFO=/usr/bin/makeinfo
ac_cv_path_PKGCFG=/usr/bin/pkg-config
ac_cv_path_SED=/usr/bin/sed
ac_cv_path_install='/usr/bin/install -c'
ac_cv_path_lt_DD=/usr/bin/dd
ac_cv_path_mkdir=/usr/bin/mkdir
ac_cv_prog_AWK=gawk
ac_cv_prog_CPP='gcc -E'
ac_cv_prog_ac_ct_AR=ar
ac_cv_prog_ac_ct_CC=gcc
ac_cv_prog_ac_ct_FILECMD=file
ac_cv_prog_ac_ct_MANIFEST_TOOL=mt
ac_cv_prog_ac_ct_OBJDUMP=objdump
ac_cv_prog_ac_ct_RANLIB=ranlib
ac_cv_prog_ac_ct_STRIP=strip
ac_cv_prog_cc_c11=
ac_cv_prog_cc_g=yes
ac_cv_prog_cc_stdc=
ac_cv_prog_make_make_set=yes
am_cv_CC_dependencies_compiler_type=gcc3
am_cv_make_support_nested_variables=yes
am_cv_prog_cc_c_o=yes
lt_cv_ar_at_file=@
lt_cv_archive_cmds_need_lc=no
lt_cv_deplibs_check_method=pass_all
lt_cv_file_magic_cmd='$MAGIC_CMD'
lt_cv_file_magic_test_file=
lt_cv_ld_reload_flag=-r
lt_cv_nm_interface='BSD nm'
lt_cv_objdir=.libs
lt_cv_path_LD=/usr/bin/ld
lt_cv_path_NM='/usr/bin/nm -B'
lt_cv_path_mainfest_tool=no
lt_cv_prog_compiler_c_o=yes
lt_cv_prog_compiler_pic='-fPIC -DPIC'
lt_cv_prog_compiler_pic_works=yes
lt_cv_prog_compiler_rtti_exceptions=no
lt_cv_prog_compiler_static_works=yes
lt_cv_prog_gnu_ld=yes
lt_cv_sharedlib_from_linklib_cmd='printf %s\n'
lt_cv_shlibpath_overrides_runpath=yes
lt_cv_sys_global_symbol_pipe='/usr/bin/sed -n -e '\''s/^.*[	 ]\([ABCDGIRSTW][ABCDGIRSTW]*\)[	 ][	 ]*\([_A-Za-z][_A-Za-z0-9]*\)$/\1 \2 \2/p'\'' | /usr/bin/sed '\''/ __gnu_lto/d'\'''
lt_cv_sys_global_symbol_to_c_name_address='/usr/bin/sed -n -e '\''s/^: \(.*\) .*$/  {"\1", (void *) 0},/p'\'' -e '\''s/^[ABCDGIRSTW][ABCDGIRSTW]* .* \(.*\)$/  {"\1", (void *) \&\1},/p'\'''
lt_cv_sys_global_symbol_to_c_name_address_lib_prefix='/usr/bin/sed -n -e '\''s/^: \(.*\) .*$/  {"\1", (void *) 0},/p'\'' -e '\''s/^[ABCDGIRSTW][ABCDGIRSTW]* .* \(lib.*\)$/  {"\1", (void *) \&\1},/p'\'' -e '\''s/^[ABCDGIRSTW][ABCDGIRSTW]* .* \(.*\)$/  {"lib\1", (void *) \&\1},/p'\'''
lt_cv_sys_global_symbol_to_cdecl='/usr/bin/sed -n -e '\''s/^T .* \(.*\)$/extern int \1();/p'\'' -e '\''s/^[ABCDGIRSTW][ABCDGIRSTW]* .* \(.*\)$/extern char \1;/p'\'''
lt_cv_sys_global_symbol_to_import=
lt_cv_sys_max_cmd_len=3145728
lt_cv_to_host_file_cmd=func_convert_file_noop
lt_cv_to_tool_file_cmd=func_convert_file_noop
lt_cv_truncate_bin='/usr/bin/dd bs=4096 count=1'

## ----------------- ##
## Output variables. ##
## ----------------- ##

ACLOCAL='${SHELL} '\''/home/runner/work/gnu-xnee/gnu-xnee/autotools/missing'\'' aclocal-1.16'
AMDEPBACKSLASH='\'
AMDEP_FALSE='#'
AMDEP_TRUE=''
AMTAR='$${TAR-tar}'
AM_BACKSLASH='\'
AM_DEFAULT_V='$(AM_DEFAULT_VERBOSITY)'
AM_DEFAULT_VERBOSITY='1'
AM_V='$(V)'
AR='ar'
AUTOCONF='${SHELL} '\''/home/runner/work/gnu-xnee/gnu-xnee/autotools/missing'\'' autoconf'
AUTOHEADER='${SHELL} '\''/home/runner/work/gnu-xnee/gnu-xnee/autotools/missing'\'' autoheader'
AUTOMAKE='${SHELL} '\''/home/runner/work/gnu-xnee/gnu-xnee/autotools/missing'\'' automake-1.16'
AWK='/usr/bin/awk'
BASH='/bin/bash'
BUF_VERBOSE_FALSE=''
BUF_VERBOSE_TRUE='#'
BUILDDOC_FALSE=''
BUILDDOC_TRUE='#'
BUILDGUI_FALSE=''
BUILDGUI_TRUE='#'
BUILDMAN_FALSE=''
BUILDMAN_TRUE='#'
BUILDPNEE_FALSE=''
BUILDPNEE_TRUE='#'
BUILD_STATIC_FALSE='#'
BUILD_STATIC_TRUE=''
CC='gcc'
CCDEPMODE='depmode=gcc3'
CFLAGS='-g -O2'
CLI_DIR='cnee'
CNEE_INFO=''
CONVERT=''
CPP='gcc -E'
CPPFLAGS=''
CSCOPE='cscope'
CTAGS='ctags'
CYGPATH_W='echo'
DEFS='-DHAVE_CONFIG_H'
DEPDIR='.deps'
DIA=''
DLLTOOL='false'
DOCONLY_FALSE=''
DOCONLY_TRUE='#'
DOC_DIR='doc'
DOC_TARGETS='info txt'
DSYMUTIL=''
DUMPBIN=''
DVIPDF=''
ECHO_C=''
ECHO_N='-n'
ECHO_T=''
EGREP='/usr/bin/grep -E'
EPSTOPDF=''
ETAGS='etags'
EXEEXT=''
FGREP='/usr/bin/grep -F'
FILECMD='file'
FOO_DIR='foo'
GCOV_FALSE=''
GCOV_TRUE='#'
GNOME_APPLET_DIR=''
GPROF_FALSE=''
GPROF_TRUE='#'
GREP='/usr/bin/grep'
GTKCONF=''
GUI_DIR=''
INSTALL_DATA='${INSTALL} -m 644'
INSTALL_PROGRAM='${INSTALL}'
INSTALL_SCRIPT='${INSTALL}'
INSTALL_STRIP_PROGRAM='$(install_sh) -c -s'
LD='/usr/bin/ld -m elf_x86_64'
LDFLAGS=''
LIBDL=''
LIBOBJS=''
LIBS=' '
LIBSEMA='CCC'
LIBTOOL='$(SHELL) $(top_builddir)/libtool'
LIB_DIR='libxnee'
LIPO=''
LN_S='ln -s'
LTLIBOBJS=''
LT_SYS_LIBRARY_PATH=''
MAINT='#'
MAINTAINER_MODE_FALSE=''
MAINTAINER_MODE_TRUE='#'
MAKEFILES_TO_GEN=' Makefile examples/Makefile sessions/Makefile share/Makefile cnee/Makefile cnee/src/Makefile'
MAKEINFO='/usr/bin/makeinfo'
MANIFEST_TOOL=':'
MKDIR_P='/usr/bin/mkdir -p'
NM='/usr/bin/nm -B'
NMEDIT=''
NOT_INSTALL_LIBS_FALSE='#'
NOT_INSTALL_LIBS_TRUE=''
OBJDUMP='objdump'
OBJEXT='o'
OTOOL64=''
OTOOL=''
PACKAGE='xnee'
PACKAGE_BUGREPORT='bug-xnee@gnu.org'
PACKAGE_NAME='Xnee'
PACKAGE_STRING='Xnee 3.20'
PACKAGE_TARNAME='xnee'
PACKAGE_URL=''
PACKAGE_VERSION='3.20'
PANEL_APPLET_DIR=''
PANEL_FLAGS=''
PANEL_LD_FLAGS=''
PANEL_SERVER_DIR=''
PATH_SEPARATOR=':'
PDF2PS=''
PEDANTIC_FALSE=''
PEDANTIC_TRUE='#'
PIXMAP_DIR='pixmap'
PKGCFG='/usr/bin/pkg-config'
PS2PDF=''
RANLIB='ranlib'
SED='/usr/bin/sed'
SET_MAKE=''
SHELL='/bin/bash'
STRIP='strip'
TEXI2HTML=''
TEXI2PDF=''
VERBOSE_FALSE='#'
VERBOSE_TRUE=''
VERSION='3.20'
WANTED_LIBXNEE='libxnee.la'
X11_LIBS='-lX11 -lXtst '
XMKMF=''
XNEE_DOC_DIR=''
XNEE_XINPUT_SUPPORT_FALSE=''
XNEE_XINPUT_SUPPORT_TRUE='#'
XOSD_FALSE='#'
XOSD_TRUE=''
X_CFLAGS=''
X_EXTRA_LIBS=''
X_LIBS=''
X_PRE_LIBS=''
ac_ct_AR='ar'
ac_ct_CC='gcc'
ac_ct_DUMPBIN=''
am__EXEEXT_FALSE=''
am__EXEEXT_TRUE='#'
am__fastdepCC_FALSE='#'
am__fastdepCC_TRUE=''
am__include='include'
am__isrc=''
am__leading_dot='.'
am__nodep='_no'
am__quote=''
am__tar='$${TAR-tar} chof - "$$tardir"'
am__untar='$${TAR-tar} xf -'
bindir='${exec_prefix}/bin'
build='x86_64-pc-linux-gnu'
build_alias=''
build_cpu='x86_64'
build_os='linux-gnu'
build_vendor='pc'
datadir='${datarootdir}'
datarootdir='${prefix}/share'
docdir='${datarootdir}/doc/${PACKAGE_TARNAME}'
dvidir='${docdir}'
exec_prefix='${prefix}'
gtk_CFLAGS=''
gtk_LIBS=''
host='x86_64-pc-linux-gnu'
host_alias=''
host_cpu='x86_64'
host_os='linux-gnu'
host_vendor='pc'
htmldir='${docdir}'
includedir='${prefix}/include'
infodir='${datarootdir}/info'
install_sh='${SHELL} /home/runner/work/gnu-xnee/gnu-xnee/autotools/install-sh'
libdir='${exec_prefix}/lib'
libexecdir='${exec_prefix}/libexec'
libgnomeui_CFLAGS=''
libgnomeui_LIBS=''
localedir='${datarootdir}/locale'
localstatedir='${prefix}/var'
mandir='${datarootdir}/man'
mkdir_p='$(MKDIR_P)'
oldincludedir='/usr/include'
pdfdir='${docdir}'
prefix='/usr/local'
program_transform_name='s,x,x,'
psdir='${docdir}'
runstatedir='${localstatedir}/run'
sbindir='${exec_prefix}/sbin'
sharedstatedir='${prefix}/com'
sysconfdir='${prefix}/etc'
target_alias=''

## ----------- ##
## confdefs.h. ##
## ----------- ##

/* confdefs.h */
#define PACKAGE_NAME "Xnee"
#define PACKAGE_TARNAME "xnee"
#define PACKAGE_VERSION "3.20"
#define PACKAGE_STRING "Xnee 3.20"
#define PACKAGE_BUGREPORT "bug-xnee@gnu.org"
#define PACKAGE_URL ""
#define PACKAGE "xnee"
#define VERSION "3.20"
#define HAVE_VPRINTF 1
#define HAVE_STDIO_H 1
#define HAVE_STDLIB_H 1
#define HAVE_STRING_H 1
#define HAVE_INTTYPES_H 1
#define HAVE_STDINT_H 1
#define HAVE_STRINGS_H 1
#define HAVE_SYS_STAT_H 1
#define HAVE_SYS_TYPES_H 1
#define HAVE_UNISTD_H 1
#define STDC_HEADERS 1
#define HAVE_STDARG_H 1
#define HAVE_DLFCN_H 1
#define LT_OBJDIR ".libs/"

configure: exit 0
